// Jest Snapshot v1, https://goo.gl/fbAQLP

exports[`employees Component renders component 1`] = `
<div>
  <employees />
</div>
`;
